################################################################################
#                                                                              #
#      IAR Universal Linker V5.1.0.8                                           #
#                                                                              #
#           Link time     =  27/Jul/2012  19:40:41                             #
#           Target CPU    =  RL78                                              #
#           List file     =  D:\DESARROLLOS\prbRL78G13\Debug\List\prbRL78G13.m #
#                            ap                                                #
#           Output file 1 =  D:\DESARROLLOS\prbRL78G13\Debug\Exe\prbRL78G13.d8 #
#                            7                                                 #
#                            Format: debug                                     #
#                            UBROF version 10.0.3                              #
#                            Using library modules for C-SPY (-rt)             #
#           Command line  =  D:\DESARROLLOS\prbRL78G13\Debug\Obj\IR.r87        #
#                            D:\DESARROLLOS\prbRL78G13\Debug\Obj\RTC.r87       #
#                            D:\DESARROLLOS\prbRL78G13\Debug\Obj\bitmap_font.r #
#                            87                                                #
#                            D:\DESARROLLOS\prbRL78G13\Debug\Obj\delay.r87     #
#                            D:\DESARROLLOS\prbRL78G13\Debug\Obj\font_8x16.r87 #
#                            D:\DESARROLLOS\prbRL78G13\Debug\Obj\font_8x8.r87  #
#                            D:\DESARROLLOS\prbRL78G13\Debug\Obj\font_helvr10. #
#                            r87                                               #
#                            D:\DESARROLLOS\prbRL78G13\Debug\Obj\font_logos.r8 #
#                            7                                                 #
#                            D:\DESARROLLOS\prbRL78G13\Debug\Obj\font_winfrees #
#                            ystem14x16.r87                                    #
#                            D:\DESARROLLOS\prbRL78G13\Debug\Obj\font_x5x7.r87 #
#                            D:\DESARROLLOS\prbRL78G13\Debug\Obj\font_x6x13.r8 #
#                            7                                                 #
#                            D:\DESARROLLOS\prbRL78G13\Debug\Obj\lcd.r87       #
#                            D:\DESARROLLOS\prbRL78G13\Debug\Obj\main.r87      #
#                            D:\DESARROLLOS\prbRL78G13\Debug\Obj\spi.r87 -o    #
#                            D:\DESARROLLOS\prbRL78G13\Debug\Exe\prbRL78G13.d8 #
#                            7                                                 #
#                            -l                                                #
#                            D:\DESARROLLOS\prbRL78G13\Debug\List\prbRL78G13.m #
#                            ap                                                #
#                            -xms                                              #
#                            "-ID:\Archivos de programa\IAR Systems\Embedded W #
#                            orkbench 6.0 Kickstart\rl78\LIB\"                 #
#                            -f                                                #
#                            "D:\Archivos de programa\IAR Systems\Embedded Wor #
#                            kbench 6.0 Kickstart\rl78\CONFIG\lnkr5f100le.xcl" #
#                            (-cRL78 -Z(CODE)INTVEC=00000-0007F                #
#                            -Z(CODE)CLTVEC=00080-000BD                        #
#                            -Z(CODE)OPTBYTE=000C0-000C3                       #
#                            -Z(CODE)SECUID=000C4-000CD                        #
#                            -Z(CONST)FAR_ID#0FBFF -Z(DATA)FAR_I=FEF00-FFE1F   #
#                            -Z(CODE)RCODE,CODE=000D8-0FBFF                    #
#                            -Z(CONST)NEAR_ID=[000D8-0FBFF]/10000              #
#                            -Z(CONST)SADDR_ID=[000D8-0FBFF]/10000             #
#                            -Z(CONST)DIFUNCT=[000D8-0FBFF]/10000              #
#                            -Z(CONST)NEAR_CONST=_NEAR_CONST_LOCATION_START-_N #
#                            EAR_CONST_LOCATION_END                            #
#                            -Z(CONST)SWITCH=000D8-0FBFF                       #
#                            -P(CONST)FAR_CONST,FSWITCH=[000D8-0FBFF]/10000    #
#                            -P(CODE)XCODE=[000D8-0FBFF]/10000                 #
#                            -Z(DATA)EEPROM=F1000-F1FFF                        #
#                            -Z(DATA)WRKSEG=FFE20-FFEDF                        #
#                            -Z(DATA)SADDR_I,SADDR_Z,SADDR_N=FFE20-FFEDF       #
#                            -Z(DATA)NEAR_I,NEAR_Z,NEAR_N=FEF00-FFE1F          #
#                            -Z(DATA)FAR_Z=[FEF00-FFE1F]/10000                 #
#                            -P(DATA)FAR_N=[FEF00-FFE1F]/10000                 #
#                            -Z(DATA)NEAR_HEAP+_NEAR_HEAP_SIZE=FEF00-FFE1F     #
#                            -Z(DATA)FAR_HEAP+_FAR_HEAP_SIZE=[FEF00-FFE1F]/100 #
#                            00                                                #
#                            -Z(DATA)CSTACK+_CSTACK_SIZE=FEF00-FFE1F) -rt -s   #
#                            __program_start -D_NEAR_CONST_LOCATION=0          #
#                            -D_NEAR_CONST_LOCATION_START=2000                 #
#                            -D_NEAR_CONST_LOCATION_END=EEFF                   #
#                            "D:\Archivos de programa\IAR Systems\Embedded Wor #
#                            kbench 6.0 Kickstart\rl78\LIB\dlrl78nn1n.r87"     #
#                            -e_PrintfSmall=_Printf -e_ScanfSmall=_Scanf       #
#                            -D_CSTACK_SIZE=400 -D_NEAR_HEAP_SIZE=100          #
#                            -D_FAR_HEAP_SIZE=1000                             #
#                                                                              #
#                           Copyright (C) 1987-2011 IAR Systems AB.            #
################################################################################





                ****************************************
                *                                      *
                *           CROSS REFERENCE            *
                *                                      *
                ****************************************

       Program entry at :           000000E0  Relocatable, from module : ?CSTARTUP




                ****************************************
                *                                      *
                *            RUNTIME MODEL             *
                *                                      *
                ****************************************

  __Heap_Handler             = Basic
  __SystemLibrary            = DLib
  __code_model               = near
  __core                     = rl78_1
  __data_model               = near
  __dlib_file_descriptor     = 0
  __dlib_full_locale_support = 0
  __rt_version               = 1



                ****************************************
                *                                      *
                *              MODULE MAP              *
                *                                      *
                ****************************************


  DEFINED ABSOLUTE ENTRIES
    *************************************************************************

  DEFINED ABSOLUTE ENTRIES
  PROGRAM MODULE, NAME : ?ABS_ENTRY_MOD

Absolute parts
           ENTRY                   ADDRESS         REF BY
           =====                   =======         ======
           _FAR_HEAP_SIZE          00001000 
           _NEAR_HEAP_SIZE         00000100 
           _CSTACK_SIZE            00000400 
           _NEAR_CONST_LOCATION_END
                                   0000EEFF 
           _NEAR_CONST_LOCATION_START
                                   00002000 
           _NEAR_CONST_LOCATION    00000000        Segment part 3 (?CSTARTUP)
    *************************************************************************

  FILE NAME : D:\DESARROLLOS\prbRL78G13\Debug\Obj\IR.r87
  PROGRAM MODULE, NAME : IR

  SEGMENTS IN THE MODULE
  ======================
NEAR_A
  Relative segment, address: 000FFF23 - 000FFF23 (0x1 bytes), align: 0
  Segment part 1. ROOT.       Intra module refs:   initIR
           ENTRY                   ADDRESS         REF BY
           =====                   =======         ======
           _A_PM3                  000FFF23 
           LOCAL                   ADDRESS         
           =====                   =======         
           PM3                     000FFF23 
           PM3_bit                 000FFF23 
    -------------------------------------------------------------------------
NEAR_A
  Relative segment, address: 000FFF66 - 000FFF67 (0x2 bytes), align: 0
  Segment part 2. ROOT.       Intra module refs:   MD_INTTM03
           ENTRY                   ADDRESS         REF BY
           =====                   =======         ======
           _A_TDR03                000FFF66 
           LOCAL                   ADDRESS         
           =====                   =======         
           TDR03                   000FFF66 
           TDR03H                  000FFF67 
           TDR03L                  000FFF66 
    -------------------------------------------------------------------------
NEAR_A
  Relative segment, address: 000FFFE2 - 000FFFE3 (0x2 bytes), align: 0
  Segment part 3. ROOT.       Intra module refs:   MD_INTIT (main)
                                                   MD_INTTM03
                                                   TAUO_Canal4_INT (main)
                                                   initIR
                                                   initRTC (RTC)
                                                   main (main)
                                                   spi10_Init (spi)
           ENTRY                   ADDRESS         REF BY
           =====                   =======         ======
           _A_IF1                  000FFFE2 
           LOCAL                   ADDRESS         
           =====                   =======         
           IF1                     000FFFE2 
           IF1H                    000FFFE3 
           IF1H_bit                000FFFE3 
           IF1L                    000FFFE2 
           IF1L_bit                000FFFE2 
    -------------------------------------------------------------------------
NEAR_A
  Relative segment, address: 000FFFE6 - 000FFFE7 (0x2 bytes), align: 0
  Segment part 4. ROOT.       Intra module refs:   MD_INTTM03
                                                   initIR
                                                   initRTC (RTC)
                                                   main (main)
                                                   spi10_Init (spi)
                                                   spi10_SendReceiveData (spi)
           ENTRY                   ADDRESS         REF BY
           =====                   =======         ======
           _A_MK1                  000FFFE6 
           LOCAL                   ADDRESS         
           =====                   =======         
           MK1                     000FFFE6 
           MK1H                    000FFFE7 
           MK1H_bit                000FFFE7 
           MK1L                    000FFFE6 
           MK1L_bit                000FFFE6 
    -------------------------------------------------------------------------
NEAR_A
  Relative segment, address: 000F0071 - 000F0071 (0x1 bytes), align: 0
  Segment part 5. ROOT.       Intra module refs:   initIR
           ENTRY                   ADDRESS         REF BY
           =====                   =======         ======
           _A_NFEN1                000F0071 
           LOCAL                   ADDRESS         
           =====                   =======         
           NFEN1                   000F0071 
           NFEN1_bit               000F0071 
    -------------------------------------------------------------------------
NEAR_A
  Relative segment, address: 000F0196 - 000F0197 (0x2 bytes), align: 0
  Segment part 6. ROOT.       Intra module refs:   initIR
           ENTRY                   ADDRESS         REF BY
           =====                   =======         ======
           TMR03                   000F0196 
    -------------------------------------------------------------------------
NEAR_A
  Relative segment, address: 000F01A6 - 000F01A7 (0x2 bytes), align: 0
  Segment part 7. ROOT.       Intra module refs:   MD_INTTM03
           ENTRY                   ADDRESS         REF BY
           =====                   =======         ======
           _A_TSR03                000F01A6 
           LOCAL                   ADDRESS         
           =====                   =======         
           TSR03                   000F01A6 
           TSR03L                  000F01A6 
    -------------------------------------------------------------------------
NEAR_A
  Relative segment, address: 000F01B2 - 000F01B3 (0x2 bytes), align: 0
  Segment part 8. ROOT.       Intra module refs:   MD_INTTM03
                                                   initIR
                                                   main (main)
           ENTRY                   ADDRESS         REF BY
           =====                   =======         ======
           _A_TS0                  000F01B2 
           LOCAL                   ADDRESS         
           =====                   =======         
           TS0                     000F01B2 
           TS0L                    000F01B2 
           TS0L_bit                000F01B2 
    -------------------------------------------------------------------------
NEAR_A
  Relative segment, address: 000F01B4 - 000F01B5 (0x2 bytes), align: 0
  Segment part 9. ROOT.       Intra module refs:   MD_INTTM03
                                                   main (main)
           ENTRY                   ADDRESS         REF BY
           =====                   =======         ======
           _A_TT0                  000F01B4 
           LOCAL                   ADDRESS         
           =====                   =======         
           TT0                     000F01B4 
           TT0L                    000F01B4 
           TT0L_bit                000F01B4 
    -------------------------------------------------------------------------
NEAR_A
  Relative segment, address: 000F01B8 - 000F01B9 (0x2 bytes), align: 0
  Segment part 10. ROOT.      Intra module refs:   initIR
                                                   main (main)
           ENTRY                   ADDRESS         REF BY
           =====                   =======         ======
           _A_TO0                  000F01B8 
           LOCAL                   ADDRESS         
           =====                   =======         
           TO0                     000F01B8 
           TO0L                    000F01B8 
    -------------------------------------------------------------------------
NEAR_A
  Relative segment, address: 000F01BA - 000F01BB (0x2 bytes), align: 0
  Segment part 11. ROOT.      Intra module refs:   initIR
                                                   main (main)
           ENTRY                   ADDRESS         REF BY
           =====                   =======         ======
           _A_TOE0                 000F01BA 
           LOCAL                   ADDRESS         
           =====                   =======         
           TOE0                    000F01BA 
           TOE0L                   000F01BA 
           TOE0L_bit               000F01BA 
    -------------------------------------------------------------------------
NEAR_A
  Relative segment, address: 000F01BC - 000F01BD (0x2 bytes), align: 0
  Segment part 12. ROOT.      Intra module refs:   initIR
                                                   main (main)
           ENTRY                   ADDRESS         REF BY
           =====                   =======         ======
           _A_TOL0                 000F01BC 
           LOCAL                   ADDRESS         
           =====                   =======         
           TOL0                    000F01BC 
           TOL0L                   000F01BC 
    -------------------------------------------------------------------------
NEAR_A
  Relative segment, address: 000F01BE - 000F01BF (0x2 bytes), align: 0
  Segment part 13. ROOT.      Intra module refs:   initIR
                                                   main (main)
           ENTRY                   ADDRESS         REF BY
           =====                   =======         ======
           _A_TOM0                 000F01BE 
           LOCAL                   ADDRESS         
           =====                   =======         
           TOM0                    000F01BE 
           TOM0L                   000F01BE 
    -------------------------------------------------------------------------
NEAR_Z
  Relative segment, address: 000FF70E - 000FF711 (0x4 bytes), align: 1
  Segment part 16.            Intra module refs:   MD_INTTM03
           ENTRY                   ADDRESS         REF BY
           =====                   =======         ======
           gTau0Ch3Width           000FF70E 
    -------------------------------------------------------------------------
NEAR_Z
  Relative segment, address: 000FF844 - 000FF844 (0x1 bytes), align: 0
  Segment part 21.            Intra module refs:   MD_INTTM03
                                                   startIR
           ENTRY                   ADDRESS         REF BY
           =====                   =======         ======
           got_packet              000FF844        main (main)
    -------------------------------------------------------------------------
NEAR_Z
  Relative segment, address: 000FF712 - 000FF829 (0x118 bytes), align: 1
  Segment part 25.            Intra module refs:   MD_INTTM03
                                                   decodeIR
                                                   startIR
           ENTRY                   ADDRESS         REF BY
           =====                   =======         ======
           PulseWidth              000FF712 
    -------------------------------------------------------------------------
NEAR_Z
  Relative segment, address: 000FF82A - 000FF82B (0x2 bytes), align: 1
  Segment part 26.            Intra module refs:   MD_INTTM03
                                                   startIR
           ENTRY                   ADDRESS         REF BY
           =====                   =======         ======
           irPtr                   000FF82A 
    -------------------------------------------------------------------------
CODE
  Relative segment, address: 00000558 - 0000056D (0x16 bytes), align: 0
  Segment part 27.            Intra module refs:   initIR
           ENTRY                   ADDRESS         REF BY
           =====                   =======         ======
           startIR                 00000558        main (main)
               calls direct
               CSTACK = 00000000 ( 00000004 )
    -------------------------------------------------------------------------
CODE
  Relative segment, address: 0000056E - 000005B2 (0x45 bytes), align: 0
  Segment part 28.
           ENTRY                   ADDRESS         REF BY
           =====                   =======         ======
           initIR                  0000056E        main (main)
               calls direct
    -------------------------------------------------------------------------
CODE
  Relative segment, address: 000005B3 - 00000689 (0xd7 bytes), align: 0
  Segment part 29.
           ENTRY                   ADDRESS         REF BY
           =====                   =======         ======
           decodeIR                000005B3        main (main)
               CSTACK = 00000000 ( 0000000E )
    -------------------------------------------------------------------------
CODE
  Relative segment, address: 0000068A - 00000737 (0xae bytes), align: 0
  Segment part 30.            Intra module refs:   MD_INTTM03::??INTVEC 50
           ENTRY                   ADDRESS         REF BY
           =====                   =======         ======
           MD_INTTM03              0000068A 
               interrupt function
               CSTACK = 00000000 ( 0000000C )
    -------------------------------------------------------------------------
INTVEC
  Common segment, address: 00000000 - 00000033 (0x34 bytes), align: 1
  Segment part 14. ROOT.
           ENTRY                   ADDRESS         REF BY
           =====                   =======         ======
           MD_INTTM03::??INTVEC 50
                                   00000032 

    *************************************************************************

  FILE NAME : D:\DESARROLLOS\prbRL78G13\Debug\Obj\RTC.r87
  PROGRAM MODULE, NAME : RTC

  SEGMENTS IN THE MODULE
  ======================
NEAR_A
  Relative segment, address: 000FFF92 - 000FFF92 (0x1 bytes), align: 0
  Segment part 1. ROOT.       Intra module refs:   R_RTC_Interrupt
                                                   main (main)
           ENTRY                   ADDRESS         REF BY
           =====                   =======         ======
           SEC                     000FFF92 
    -------------------------------------------------------------------------
NEAR_A
  Relative segment, address: 000FFF93 - 000FFF93 (0x1 bytes), align: 0
  Segment part 2. ROOT.       Intra module refs:   R_RTC_Interrupt
                                                   main (main)
           ENTRY                   ADDRESS         REF BY
           =====                   =======         ======
           MIN                     000FFF93 
    -------------------------------------------------------------------------
NEAR_A
  Relative segment, address: 000FFF94 - 000FFF94 (0x1 bytes), align: 0
  Segment part 3. ROOT.       Intra module refs:   R_RTC_Interrupt
                                                   main (main)
           ENTRY                   ADDRESS         REF BY
           =====                   =======         ======
           HOUR                    000FFF94 
    -------------------------------------------------------------------------
NEAR_A
  Relative segment, address: 000FFF95 - 000FFF95 (0x1 bytes), align: 0
  Segment part 4. ROOT.       Intra module refs:   R_RTC_Interrupt
           ENTRY                   ADDRESS         REF BY
           =====                   =======         ======
           WEEK                    000FFF95 
    -------------------------------------------------------------------------
NEAR_A
  Relative segment, address: 000FFF96 - 000FFF96 (0x1 bytes), align: 0
  Segment part 5. ROOT.       Intra module refs:   R_RTC_Interrupt
           ENTRY                   ADDRESS         REF BY
           =====                   =======         ======
           DAY                     000FFF96 
    -------------------------------------------------------------------------
NEAR_A
  Relative segment, address: 000FFF97 - 000FFF97 (0x1 bytes), align: 0
  Segment part 6. ROOT.       Intra module refs:   R_RTC_Interrupt
           ENTRY                   ADDRESS         REF BY
           =====                   =======         ======
           MONTH                   000FFF97 
    -------------------------------------------------------------------------
NEAR_A
  Relative segment, address: 000FFF98 - 000FFF98 (0x1 bytes), align: 0
  Segment part 7. ROOT.       Intra module refs:   R_RTC_Interrupt
           ENTRY                   ADDRESS         REF BY
           =====                   =======         ======
           YEAR                    000FFF98 
    -------------------------------------------------------------------------
NEAR_A
  Relative segment, address: 000FFF9D - 000FFF9D (0x1 bytes), align: 0
  Segment part 8. ROOT.       Intra module refs:   initRTC
           ENTRY                   ADDRESS         REF BY
           =====                   =======         ======
           _A_RTCC0                000FFF9D 
           LOCAL                   ADDRESS         
           =====                   =======         
           RTCC0                   000FFF9D 
           RTCC0_bit               000FFF9D 
    -------------------------------------------------------------------------
NEAR_A
  Relative segment, address: 000FFF9E - 000FFF9E (0x1 bytes), align: 0
  Segment part 9. ROOT.       Intra module refs:   R_RTC_Interrupt
           ENTRY                   ADDRESS         REF BY
           =====                   =======         ======
           _A_RTCC1                000FFF9E 
           LOCAL                   ADDRESS         
           =====                   =======         
           RTCC1                   000FFF9E 
           RTCC1_bit               000FFF9E 
    -------------------------------------------------------------------------
NEAR_A
  Relative segment, address: 000FFFEA - 000FFFEB (0x2 bytes), align: 0
  Segment part 12. ROOT.      Intra module refs:   initRTC
                                                   main (main)
                                                   spi10_Init (spi)
           ENTRY                   ADDRESS         REF BY
           =====                   =======         ======
           _A_PR01                 000FFFEA 
           LOCAL                   ADDRESS         
           =====                   =======         
           PR01                    000FFFEA 
           PR01H                   000FFFEB 
           PR01H_bit               000FFFEB 
           PR01L                   000FFFEA 
           PR01L_bit               000FFFEA 
    -------------------------------------------------------------------------
NEAR_A
  Relative segment, address: 000FFFEE - 000FFFEF (0x2 bytes), align: 0
  Segment part 13. ROOT.      Intra module refs:   initRTC
                                                   main (main)
                                                   spi10_Init (spi)
           ENTRY                   ADDRESS         REF BY
           =====                   =======         ======
           _A_PR11                 000FFFEE 
           LOCAL                   ADDRESS         
           =====                   =======         
           PR11                    000FFFEE 
           PR11H                   000FFFEF 
           PR11H_bit               000FFFEF 
           PR11L                   000FFFEE 
           PR11L_bit               000FFFEE 
    -------------------------------------------------------------------------
NEAR_A
  Relative segment, address: 000F00F0 - 000F00F0 (0x1 bytes), align: 0
  Segment part 14. ROOT.      Intra module refs:   initRTC
                                                   main (main)
                                                   spi10_Init (spi)
           ENTRY                   ADDRESS         REF BY
           =====                   =======         ======
           _A_PER0                 000F00F0 
           LOCAL                   ADDRESS         
           =====                   =======         
           PER0                    000F00F0 
           PER0_bit                000F00F0 
    -------------------------------------------------------------------------
NEAR_Z
  Relative segment, address: 000FF82C - 000FF82D (0x2 bytes), align: 1
  Segment part 17.            Intra module refs:   R_RTC_Interrupt
           ENTRY                   ADDRESS         REF BY
           =====                   =======         ======
           stRTC_Data              000FF82C 
    -------------------------------------------------------------------------
CODE
  Relative segment, address: 00000738 - 00000755 (0x1e bytes), align: 0
  Segment part 18.
           ENTRY                   ADDRESS         REF BY
           =====                   =======         ======
           initRTC                 00000738        main (main)
    -------------------------------------------------------------------------
CODE
  Relative segment, address: 00000756 - 000007D3 (0x7e bytes), align: 0
  Segment part 19.            Intra module refs:   R_RTC_Interrupt::??INTVEC 54
           ENTRY                   ADDRESS         REF BY
           =====                   =======         ======
           R_RTC_Interrupt         00000756 
               interrupt function
               CSTACK = 00000000 ( 00000006 )
    -------------------------------------------------------------------------
INTVEC
  Common segment, address: 00000000 - 00000037 (0x38 bytes), align: 1
  Segment part 15. ROOT.
           ENTRY                   ADDRESS         REF BY
           =====                   =======         ======
           R_RTC_Interrupt::??INTVEC 54
                                   00000036 

    *************************************************************************

  FILE NAME : D:\DESARROLLOS\prbRL78G13\Debug\Obj\bitmap_font.r87
    *************************************************************************

  FILE NAME : D:\DESARROLLOS\prbRL78G13\Debug\Obj\delay.r87
  PROGRAM MODULE, NAME : delay

  SEGMENTS IN THE MODULE
  ======================
CODE
  Relative segment, address: 000007D4 - 00000815 (0x42 bytes), align: 0
  Segment part 2.             Intra module refs:   delay_ms
           ENTRY                   ADDRESS         REF BY
           =====                   =======         ======
           delay_10us              000007D4 
               CSTACK = 00000004 ( 0000000A )
    -------------------------------------------------------------------------
CODE
  Relative segment, address: 00000816 - 00000833 (0x1e bytes), align: 0
  Segment part 3.
           ENTRY                   ADDRESS         REF BY
           =====                   =======         ======
           delay_ms                00000816        main (main)
               calls direct
               CSTACK = 00000000 ( 00000004 )

    *************************************************************************

  FILE NAME : D:\DESARROLLOS\prbRL78G13\Debug\Obj\font_8x16.r87
    *************************************************************************

  FILE NAME : D:\DESARROLLOS\prbRL78G13\Debug\Obj\font_8x8.r87
  PROGRAM MODULE, NAME : font_8x8

  SEGMENTS IN THE MODULE
  ======================
NEAR_CONST
  Relative segment, address: 000020BC - 000020C5 (0xa bytes), align: 1
  Segment part 2.             Intra module refs:   Segment part 258
           ENTRY                   ADDRESS         REF BY
           =====                   =======         ======
           Font8x8_char_0          000020BC 
    -------------------------------------------------------------------------
NEAR_CONST
  Relative segment, address: 000020C6 - 000020CF (0xa bytes), align: 1
  Segment part 3.             Intra module refs:   Segment part 258
           ENTRY                   ADDRESS         REF BY
           =====                   =======         ======
           Font8x8_char_1          000020C6 
    -------------------------------------------------------------------------
NEAR_CONST
  Relative segment, address: 000020D0 - 000020D9 (0xa bytes), align: 1
  Segment part 4.             Intra module refs:   Segment part 258
           ENTRY                   ADDRESS         REF BY
           =====                   =======         ======
           Font8x8_char_2          000020D0 
    -------------------------------------------------------------------------
NEAR_CONST
  Relative segment, address: 000020DA - 000020E3 (0xa bytes), align: 1
  Segment part 5.             Intra module refs:   Segment part 258
           ENTRY                   ADDRESS         REF BY
           =====                   =======         ======
           Font8x8_char_3          000020DA 
    -------------------------------------------------------------------------
NEAR_CONST
  Relative segment, address: 000020E4 - 000020ED (0xa bytes), align: 1
  Segment part 6.             Intra module refs:   Segment part 258
           ENTRY                   ADDRESS         REF BY
           =====                   =======         ======
           Font8x8_char_4          000020E4 
    -------------------------------------------------------------------------
NEAR_CONST
  Relative segment, address: 000020EE - 000020F7 (0xa bytes), align: 1
  Segment part 7.             Intra module refs:   Segment part 258
           ENTRY                   ADDRESS         REF BY
           =====                   =======         ======
           Font8x8_char_5          000020EE 
    -------------------------------------------------------------------------
NEAR_CONST
  Relative segment, address: 000020F8 - 00002101 (0xa bytes), align: 1
  Segment part 8.             Intra module refs:   Segment part 258
           ENTRY                   ADDRESS         REF BY
           =====                   =======         ======
           Font8x8_char_6          000020F8 
    -------------------------------------------------------------------------
NEAR_CONST
  Relative segment, address: 00002102 - 0000210B (0xa bytes), align: 1
  Segment part 9.             Intra module refs:   Segment part 258
           ENTRY                   ADDRESS         REF BY
           =====                   =======         ======
           Font8x8_char_7          00002102 
    -------------------------------------------------------------------------
NEAR_CONST
  Relative segment, address: 0000210C - 00002115 (0xa bytes), align: 1
  Segment part 10.            Intra module refs:   Segment part 258
           ENTRY                   ADDRESS         REF BY
           =====                   =======         ======
           Font8x8_char_8          0000210C 
    -------------------------------------------------------------------------
NEAR_CONST
  Relative segment, address: 00002116 - 0000211F (0xa bytes), align: 1
  Segment part 11.            Intra module refs:   Segment part 258
           ENTRY                   ADDRESS         REF BY
           =====                   =======         ======
           Font8x8_char_9          00002116 
    -------------------------------------------------------------------------
NEAR_CONST
  Relative segment, address: 00002120 - 00002129 (0xa bytes), align: 1
  Segment part 12.            Intra module refs:   Segment part 258
           ENTRY                   ADDRESS         REF BY
           =====                   =======         ======
           Font8x8_char_10         00002120 
    -------------------------------------------------------------------------
NEAR_CONST
  Relative segment, address: 0000212A - 00002133 (0xa bytes), align: 1
  Segment part 13.            Intra module refs:   Segment part 258
           ENTRY                   ADDRESS         REF BY
           =====                   =======         ======
           Font8x8_char_11         0000212A 
    -------------------------------------------------------------------------
NEAR_CONST
  Relative segment, address: 00002134 - 0000213D (0xa bytes), align: 1
  Segment part 14.            Intra module refs:   Segment part 258
           ENTRY                   ADDRESS         REF BY
           =====                   =======         ======
           Font8x8_char_12         00002134 
    -------------------------------------------------------------------------
NEAR_CONST
  Relative segment, address: 0000213E - 00002147 (0xa bytes), align: 1
  Segment part 15.            Intra module refs:   Segment part 258
           ENTRY                   ADDRESS         REF BY
           =====                   =======         ======
           Font8x8_char_13         0000213E 
    -------------------------------------------------------------------------
NEAR_CONST
  Relative segment, address: 00002148 - 00002151 (0xa bytes), align: 1
  Segment part 16.            Intra module refs:   Segment part 258
           ENTRY                   ADDRESS         REF BY
           =====                   =======         ======
           Font8x8_char_14         00002148 
    -------------------------------------------------------------------------
NEAR_CONST
  Relative segment, address: 00002152 - 0000215B (0xa bytes), align: 1
  Segment part 17.            Intra module refs:   Segment part 258
           ENTRY                   ADDRESS         REF BY
           =====                   =======         ======
           Font8x8_char_15         00002152 
    -------------------------------------------------------------------------
NEAR_CONST
  Relative segment, address: 0000215C - 00002165 (0xa bytes), align: 1
  Segment part 18.            Intra module refs:   Segment part 258
           ENTRY                   ADDRESS         REF BY
           =====                   =======         ======
           Font8x8_char_16         0000215C 
    -------------------------------------------------------------------------
NEAR_CONST
  Relative segment, address: 00002166 - 0000216F (0xa bytes), align: 1
  Segment part 19.            Intra module refs:   Segment part 258
           ENTRY                   ADDRESS         REF BY
           =====                   =======         ======
           Font8x8_char_17         00002166 
    -------------------------------------------------------------------------
NEAR_CONST
  Relative segment, address: 00002170 - 00002179 (0xa bytes), align: 1
  Segment part 20.            Intra module refs:   Segment part 258
           ENTRY                   ADDRESS         REF BY
           =====                   =======         ======
           Font8x8_char_18         00002170 
    -------------------------------------------------------------------------
NEAR_CONST
  Relative segment, address: 0000217A - 00002183 (0xa bytes), align: 1
  Segment part 21.            Intra module refs:   Segment part 258
           ENTRY                   ADDRESS         REF BY
           =====                   =======         ======
           Font8x8_char_19         0000217A 
    -------------------------------------------------------------------------
NEAR_CONST
  Relative segment, address: 00002184 - 0000218D (0xa bytes), align: 1
  Segment part 22.            Intra module refs:   Segment part 258
           ENTRY                   ADDRESS         REF BY
           =====                   =======         ======
           Font8x8_char_20         00002184 
    -------------------------------------------------------------------------
NEAR_CONST
  Relative segment, address: 0000218E - 00002197 (0xa bytes), align: 1
  Segment part 23.            Intra module refs:   Segment part 258
           ENTRY                   ADDRESS         REF BY
           =====                   =======         ======
           Font8x8_char_21         0000218E 
    -------------------------------------------------------------------------
NEAR_CONST
  Relative segment, address: 00002198 - 000021A1 (0xa bytes), align: 1
  Segment part 24.            Intra module refs:   Segment part 258
           ENTRY                   ADDRESS         REF BY
           =====                   =======         ======
           Font8x8_char_22         00002198 
    -------------------------------------------------------------------------
NEAR_CONST
  Relative segment, address: 000021A2 - 000021AB (0xa bytes), align: 1
  Segment part 25.            Intra module refs:   Segment part 258
           ENTRY                   ADDRESS         REF BY
           =====                   =======         ======
           Font8x8_char_23         000021A2 
    -------------------------------------------------------------------------
NEAR_CONST
  Relative segment, address: 000021AC - 000021B5 (0xa bytes), align: 1
  Segment part 26.            Intra module refs:   Segment part 258
           ENTRY                   ADDRESS         REF BY
           =====                   =======         ======
           Font8x8_char_24         000021AC 
    -------------------------------------------------------------------------
NEAR_CONST
  Relative segment, address: 000021B6 - 000021BF (0xa bytes), align: 1
  Segment part 27.            Intra module refs:   Segment part 258
           ENTRY                   ADDRESS         REF BY
           =====                   =======         ======
           Font8x8_char_25         000021B6 
    -------------------------------------------------------------------------
NEAR_CONST
  Relative segment, address: 000021C0 - 000021C9 (0xa bytes), align: 1
  Segment part 28.            Intra module refs:   Segment part 258
           ENTRY                   ADDRESS         REF BY
           =====                   =======         ======
           Font8x8_char_26         000021C0 
    -------------------------------------------------------------------------
NEAR_CONST
  Relative segment, address: 000021CA - 000021D3 (0xa bytes), align: 1
  Segment part 29.            Intra module refs:   Segment part 258
           ENTRY                   ADDRESS         REF BY
           =====                   =======         ======
           Font8x8_char_27         000021CA 
    -------------------------------------------------------------------------
NEAR_CONST
  Relative segment, address: 000021D4 - 000021DD (0xa bytes), align: 1
  Segment part 30.            Intra module refs:   Segment part 258
           ENTRY                   ADDRESS         REF BY
           =====                   =======         ======
           Font8x8_char_28         000021D4 
    -------------------------------------------------------------------------
NEAR_CONST
  Relative segment, address: 000021DE - 000021E7 (0xa bytes), align: 1
  Segment part 31.            Intra module refs:   Segment part 258
           ENTRY                   ADDRESS         REF BY
           =====                   =======         ======
           Font8x8_char_29         000021DE 
    -------------------------------------------------------------------------
NEAR_CONST
  Relative segment, address: 000021E8 - 000021F1 (0xa bytes), align: 1
  Segment part 32.            Intra module refs:   Segment part 258
           ENTRY                   ADDRESS         REF BY
           =====                   =======         ======
           Font8x8_char_30         000021E8 
    -------------------------------------------------------------------------
NEAR_CONST
  Relative segment, address: 000021F2 - 000021FB (0xa bytes), align: 1
  Segment part 33.            Intra module refs:   Segment part 258
           ENTRY                   ADDRESS         REF BY
           =====                   =======         ======
           Font8x8_char_31         000021F2 
    -------------------------------------------------------------------------
NEAR_CONST
  Relative segment, address: 000021FC - 00002205 (0xa bytes), align: 1
  Segment part 34.            Intra module refs:   Segment part 258
           ENTRY                   ADDRESS         REF BY
           =====                   =======         ======
           Font8x8_char_32         000021FC 
    -------------------------------------------------------------------------
NEAR_CONST
  Relative segment, address: 00002206 - 0000220F (0xa bytes), align: 1
  Segment part 35.            Intra module refs:   Segment part 258
           ENTRY                   ADDRESS         REF BY
           =====                   =======         ======
           Font8x8_char_33         00002206 
    -------------------------------------------------------------------------
NEAR_CONST
  Relative segment, address: 00002210 - 00002219 (0xa bytes), align: 1
  Segment part 36.            Intra module refs:   Segment part 258
           ENTRY                   ADDRESS         REF BY
           =====                   =======         ======
           Font8x8_char_34         00002210 
    -------------------------------------------------------------------------
NEAR_CONST
  Relative segment, address: 0000221A - 00002223 (0xa bytes), align: 1
  Segment part 37.            Intra module refs:   Segment part 258
           ENTRY                   ADDRESS         REF BY
           =====                   =======         ======
           Font8x8_char_35         0000221A 
    -------------------------------------------------------------------------
NEAR_CONST
  Relative segment, address: 00002224 - 0000222D (0xa bytes), align: 1
  Segment part 38.            Intra module refs:   Segment part 258
           ENTRY                   ADDRESS         REF BY
           =====                   =======         ======
           Font8x8_char_36         00002224 
    -------------------------------------------------------------------------
NEAR_CONST
  Relative segment, address: 0000222E - 00002237 (0xa bytes), align: 1
  Segment part 39.            Intra module refs:   Segment part 258
           ENTRY                   ADDRESS         REF BY
           =====                   =======         ======
           Font8x8_char_37         0000222E 
    -------------------------------------------------------------------------
NEAR_CONST
  Relative segment, address: 00002238 - 00002241 (0xa bytes), align: 1
  Segment part 40.            Intra module refs:   Segment part 258
           ENTRY                   ADDRESS         REF BY
           =====                   =======         ======
           Font8x8_char_38         00002238 
    -------------------------------------------------------------------------
NEAR_CONST
  Relative segment, address: 00002242 - 0000224B (0xa bytes), align: 1
  Segment part 41.            Intra module refs:   Segment part 258
           ENTRY                   ADDRESS         REF BY
           =====                   =======         ======
           Font8x8_char_39         00002242 
    -------------------------------------------------------------------------
NEAR_CONST
  Relative segment, address: 0000224C - 00002255 (0xa bytes), align: 1
  Segment part 42.            Intra module refs:   Segment part 258
           ENTRY                   ADDRESS         REF BY
           =====                   =======         ======
           Font8x8_char_40         0000224C 
    -------------------------------------------------------------------------
NEAR_CONST
  Relative segment, address: 00002256 - 0000225F (0xa bytes), align: 1
  Segment part 43.            Intra module refs:   Segment part 258
           ENTRY                   ADDRESS         REF BY
           =====                   =======         ======
           Font8x8_char_41         00002256 
    -------------------------------------------------------------------------
NEAR_CONST
  Relative segment, address: 00002260 - 00002269 (0xa bytes), align: 1
  Segment part 44.            Intra module refs:   Segment part 258
           ENTRY                   ADDRESS         REF BY
           =====                   =======         ======
           Font8x8_char_42         00002260 
    -------------------------------------------------------------------------
NEAR_CONST
  Relative segment, address: 0000226A - 00002273 (0xa bytes), align: 1
  Segment part 45.            Intra module refs:   Segment part 258
           ENTRY                   ADDRESS         REF BY
           =====                   =======         ======
           Font8x8_char_43         0000226A 
    -------------------------------------------------------------------------
NEAR_CONST
  Relative segment, address: 00002274 - 0000227D (0xa bytes), align: 1
  Segment part 46.            Intra module refs:   Segment part 258
           ENTRY                   ADDRESS         REF BY
           =====                   =======         ======
           Font8x8_char_44         00002274 
    -------------------------------------------------------------------------
NEAR_CONST
  Relative segment, address: 0000227E - 00002287 (0xa bytes), align: 1
  Segment part 47.            Intra module refs:   Segment part 258
           ENTRY                   ADDRESS         REF BY
           =====                   =======         ======
           Font8x8_char_45         0000227E 
    -------------------------------------------------------------------------
NEAR_CONST
  Relative segment, address: 00002288 - 00002291 (0xa bytes), align: 1
  Segment part 48.            Intra module refs:   Segment part 258
           ENTRY                   ADDRESS         REF BY
           =====                   =======         ======
           Font8x8_char_46         00002288 
    -------------------------------------------------------------------------
NEAR_CONST
  Relative segment, address: 00002292 - 0000229B (0xa bytes), align: 1
  Segment part 49.            Intra module refs:   Segment part 258
           ENTRY                   ADDRESS         REF BY
           =====                   =======         ======
           Font8x8_char_47         00002292 
    -------------------------------------------------------------------------
NEAR_CONST
  Relative segment, address: 0000229C - 000022A5 (0xa bytes), align: 1
  Segment part 50.            Intra module refs:   Segment part 258
           ENTRY                   ADDRESS         REF BY
           =====                   =======         ======
           Font8x8_char_48         0000229C 
    -------------------------------------------------------------------------
NEAR_CONST
  Relative segment, address: 000022A6 - 000022AF (0xa bytes), align: 1
  Segment part 51.            Intra module refs:   Segment part 258
           ENTRY                   ADDRESS         REF BY
           =====                   =======         ======
           Font8x8_char_49         000022A6 
    -------------------------------------------------------------------------
NEAR_CONST
  Relative segment, address: 000022B0 - 000022B9 (0xa bytes), align: 1
  Segment part 52.            Intra module refs:   Segment part 258
           ENTRY                   ADDRESS         REF BY
           =====                   =======         ======
           Font8x8_char_50         000022B0 
    -------------------------------------------------------------------------
NEAR_CONST
  Relative segment, address: 000022BA - 000022C3 (0xa bytes), align: 1
  Segment part 53.            Intra module refs:   Segment part 258
           ENTRY                   ADDRESS         REF BY
           =====                   =======         ======
           Font8x8_char_51         000022BA 
    -------------------------------------------------------------------------
NEAR_CONST
  Relative segment, address: 000022C4 - 000022CD (0xa bytes), align: 1
  Segment part 54.            Intra module refs:   Segment part 258
           ENTRY                   ADDRESS         REF BY
           =====                   =======         ======
           Font8x8_char_52         000022C4 
    -------------------------------------------------------------------------
NEAR_CONST
  Relative segment, address: 000022CE - 000022D7 (0xa bytes), align: 1
  Segment part 55.            Intra module refs:   Segment part 258
           ENTRY                   ADDRESS         REF BY
           =====                   =======         ======
           Font8x8_char_53         000022CE 
    -------------------------------------------------------------------------
NEAR_CONST
  Relative segment, address: 000022D8 - 000022E1 (0xa bytes), align: 1
  Segment part 56.            Intra module refs:   Segment part 258
           ENTRY                   ADDRESS         REF BY
           =====                   =======         ======
           Font8x8_char_54         000022D8 
    -------------------------------------------------------------------------
NEAR_CONST
  Relative segment, address: 000022E2 - 000022EB (0xa bytes), align: 1
  Segment part 57.            Intra module refs:   Segment part 258
           ENTRY                   ADDRESS         REF BY
           =====                   =======         ======
           Font8x8_char_55         000022E2 
    -------------------------------------------------------------------------
NEAR_CONST
  Relative segment, address: 000022EC - 000022F5 (0xa bytes), align: 1
  Segment part 58.            Intra module refs:   Segment part 258
           ENTRY                   ADDRESS         REF BY
           =====                   =======         ======
           Font8x8_char_56         000022EC 
    -------------------------------------------------------------------------
NEAR_CONST
  Relative segment, address: 000022F6 - 000022FF (0xa bytes), align: 1
  Segment part 59.            Intra module refs:   Segment part 258
           ENTRY                   ADDRESS         REF BY
           =====                   =======         ======
           Font8x8_char_57         000022F6 
    -------------------------------------------------------------------------
NEAR_CONST
  Relative segment, address: 00002300 - 00002309 (0xa bytes), align: 1
  Segment part 60.            Intra module refs:   Segment part 258
           ENTRY                   ADDRESS         REF BY
           =====                   =======         ======
           Font8x8_char_58         00002300 
    -------------------------------------------------------------------------
NEAR_CONST
  Relative segment, address: 0000230A - 00002313 (0xa bytes), align: 1
  Segment part 61.            Intra module refs:   Segment part 258
           ENTRY                   ADDRESS         REF BY
           =====                   =======         ======
           Font8x8_char_59         0000230A 
    -------------------------------------------------------------------------
NEAR_CONST
  Relative segment, address: 00002314 - 0000231D (0xa bytes), align: 1
  Segment part 62.            Intra module refs:   Segment part 258
           ENTRY                   ADDRESS         REF BY
           =====                   =======         ======
           Font8x8_char_60         00002314 
    -------------------------------------------------------------------------
NEAR_CONST
  Relative segment, address: 0000231E - 00002327 (0xa bytes), align: 1
  Segment part 63.            Intra module refs:   Segment part 258
           ENTRY                   ADDRESS         REF BY
           =====                   =======         ======
           Font8x8_char_61         0000231E 
    -------------------------------------------------------------------------
NEAR_CONST
  Relative segment, address: 00002328 - 00002331 (0xa bytes), align: 1
  Segment part 64.            Intra module refs:   Segment part 258
           ENTRY                   ADDRESS         REF BY
           =====                   =======         ======
           Font8x8_char_62         00002328 
    -------------------------------------------------------------------------
NEAR_CONST
  Relative segment, address: 00002332 - 0000233B (0xa bytes), align: 1
  Segment part 65.            Intra module refs:   Segment part 258
           ENTRY                   ADDRESS         REF BY
           =====                   =======         ======
           Font8x8_char_63         00002332 
    -------------------------------------------------------------------------
NEAR_CONST
  Relative segment, address: 0000233C - 00002345 (0xa bytes), align: 1
  Segment part 66.            Intra module refs:   Segment part 258
           ENTRY                   ADDRESS         REF BY
           =====                   =======         ======
           Font8x8_char_64         0000233C 
    -------------------------------------------------------------------------
NEAR_CONST
  Relative segment, address: 00002346 - 0000234F (0xa bytes), align: 1
  Segment part 67.            Intra module refs:   Segment part 258
           ENTRY                   ADDRESS         REF BY
           =====                   =======         ======
           Font8x8_char_65         00002346 
    -------------------------------------------------------------------------
NEAR_CONST
  Relative segment, address: 00002350 - 00002359 (0xa bytes), align: 1
  Segment part 68.            Intra module refs:   Segment part 258
           ENTRY                   ADDRESS         REF BY
           =====                   =======         ======
           Font8x8_char_66         00002350 
    -------------------------------------------------------------------------
NEAR_CONST
  Relative segment, address: 0000235A - 00002363 (0xa bytes), align: 1
  Segment part 69.            Intra module refs:   Segment part 258
           ENTRY                   ADDRESS         REF BY
           =====                   =======         ======
           Font8x8_char_67         0000235A 
    -------------------------------------------------------------------------
NEAR_CONST
  Relative segment, address: 00002364 - 0000236D (0xa bytes), align: 1
  Segment part 70.            Intra module refs:   Segment part 258
           ENTRY                   ADDRESS         REF BY
           =====                   =======         ======
           Font8x8_char_68         00002364 
    -------------------------------------------------------------------------
NEAR_CONST
  Relative segment, address: 0000236E - 00002377 (0xa bytes), align: 1
  Segment part 71.            Intra module refs:   Segment part 258
           ENTRY                   ADDRESS         REF BY
           =====                   =======         ======
           Font8x8_char_69         0000236E 
    -------------------------------------------------------------------------
NEAR_CONST
  Relative segment, address: 00002378 - 00002381 (0xa bytes), align: 1
  Segment part 72.            Intra module refs:   Segment part 258
           ENTRY                   ADDRESS         REF BY
           =====                   =======         ======
           Font8x8_char_70         00002378 
    -------------------------------------------------------------------------
NEAR_CONST
  Relative segment, address: 00002382 - 0000238B (0xa bytes), align: 1
  Segment part 73.            Intra module refs:   Segment part 258
           ENTRY                   ADDRESS         REF BY
           =====                   =======         ======
           Font8x8_char_71         00002382 
    -------------------------------------------------------------------------
NEAR_CONST
  Relative segment, address: 0000238C - 00002395 (0xa bytes), align: 1
  Segment part 74.            Intra module refs:   Segment part 258
           ENTRY                   ADDRESS         REF BY
           =====                   =======         ======
           Font8x8_char_72         0000238C 
    -------------------------------------------------------------------------
NEAR_CONST
  Relative segment, address: 00002396 - 0000239F (0xa bytes), align: 1
  Segment part 75.            Intra module refs:   Segment part 258
           ENTRY                   ADDRESS         REF BY
           =====                   =======         ======
           Font8x8_char_73         00002396 
    -------------------------------------------------------------------------
NEAR_CONST
  Relative segment, address: 000023A0 - 000023A9 (0xa bytes), align: 1
  Segment part 76.            Intra module refs:   Segment part 258
           ENTRY                   ADDRESS         REF BY
           =====                   =======         ======
           Font8x8_char_74         000023A0 
    -------------------------------------------------------------------------
NEAR_CONST
  Relative segment, address: 000023AA - 000023B3 (0xa bytes), align: 1
  Segment part 77.            Intra module refs:   Segment part 258
           ENTRY                   ADDRESS         REF BY
           =====                   =======         ======
           Font8x8_char_75         000023AA 
    -------------------------------------------------------------------------
NEAR_CONST
  Relative segment, address: 000023B4 - 000023BD (0xa bytes), align: 1
  Segment part 78.            Intra module refs:   Segment part 258
           ENTRY                   ADDRESS         REF BY
           =====                   =======         ======
           Font8x8_char_76         000023B4 
    -------------------------------------------------------------------------
NEAR_CONST
  Relative segment, address: 000023BE - 000023C7 (0xa bytes), align: 1
  Segment part 79.            Intra module refs:   Segment part 258
           ENTRY                   ADDRESS         REF BY
           =====                   =======         ======
           Font8x8_char_77         000023BE 
    -------------------------------------------------------------------------
NEAR_CONST
  Relative segment, address: 000023C8 - 000023D1 (0xa bytes), align: 1
  Segment part 80.            Intra module refs:   Segment part 258
           ENTRY                   ADDRESS         REF BY
           =====                   =======         ======
           Font8x8_char_78         000023C8 
    -------------------------------------------------------------------------
NEAR_CONST
  Relative segment, address: 000023D2 - 000023DB (0xa bytes), align: 1
  Segment part 81.            Intra module refs:   Segment part 258
           ENTRY                   ADDRESS         REF BY
           =====                   =======         ======
           Font8x8_char_79         000023D2 
    -------------------------------------------------------------------------
NEAR_CONST
  Relative segment, address: 000023DC - 000023E5 (0xa bytes), align: 1
  Segment part 82.            Intra module refs:   Segment part 258
           ENTRY                   ADDRESS         REF BY
           =====                   =======         ======
           Font8x8_char_80         000023DC 
    -------------------------------------------------------------------------
NEAR_CONST
  Relative segment, address: 000023E6 - 000023EF (0xa bytes), align: 1
  Segment part 83.            Intra module refs:   Segment part 258
           ENTRY                   ADDRESS         REF BY
           =====                   =======         ======
           Font8x8_char_81         000023E6 
    -------------------------------------------------------------------------
NEAR_CONST
  Relative segment, address: 000023F0 - 000023F9 (0xa bytes), align: 1
  Segment part 84.            Intra module refs:   Segment part 258
           ENTRY                   ADDRESS         REF BY
           =====                   =======         ======
           Font8x8_char_82         000023F0 
    -------------------------------------------------------------------------
NEAR_CONST
  Relative segment, address: 000023FA - 00002403 (0xa bytes), align: 1
  Segment part 85.            Intra module refs:   Segment part 258
           ENTRY                   ADDRESS         REF BY
           =====                   =======         ======
           Font8x8_char_83         000023FA 
    -------------------------------------------------------------------------
NEAR_CONST
  Relative segment, address: 00002404 - 0000240D (0xa bytes), align: 1
  Segment part 86.            Intra module refs:   Segment part 258
           ENTRY                   ADDRESS         REF BY
           =====                   =======         ======
           Font8x8_char_84         00002404 
    -------------------------------------------------------------------------
NEAR_CONST
  Relative segment, address: 0000240E - 00002417 (0xa bytes), align: 1
  Segment part 87.            Intra module refs:   Segment part 258
           ENTRY                   ADDRESS         REF BY
           =====                   =======         ======
           Font8x8_char_85         0000240E 
    -------------------------------------------------------------------------
NEAR_CONST
  Relative segment, address: 00002418 - 00002421 (0xa bytes), align: 1
  Segment part 88.            Intra module refs:   Segment part 258
           ENTRY                   ADDRESS         REF BY
           =====                   =======         ======
           Font8x8_char_86         00002418 
    -------------------------------------------------------------------------
NEAR_CONST
  Relative segment, address: 00002422 - 0000242B (0xa bytes), align: 1
  Segment part 89.            Intra module refs:   Segment part 258
           ENTRY                   ADDRESS         REF BY
           =====                   =======         ======
           Font8x8_char_87         00002422 
    -------------------------------------------------------------------------
NEAR_CONST
  Relative segment, address: 0000242C - 00002435 (0xa bytes), align: 1
  Segment part 90.            Intra module refs:   Segment part 258
           ENTRY                   ADDRESS         REF BY
           =====                   =======         ======
           Font8x8_char_88         0000242C 
    -------------------------------------------------------------------------
NEAR_CONST
  Relative segment, address: 00002436 - 0000243F (0xa bytes), align: 1
  Segment part 91.            Intra module refs:   Segment part 258
           ENTRY                   ADDRESS         REF BY
           =====                   =======         ======
           Font8x8_char_89         00002436 
    -------------------------------------------------------------------------
NEAR_CONST
  Relative segment, address: 00002440 - 00002449 (0xa bytes), align: 1
  Segment part 92.            Intra module refs:   Segment part 258
           ENTRY                   ADDRESS         REF BY
           =====                   =======         ======
           Font8x8_char_90         00002440 
    -------------------------------------------------------------------------
NEAR_CONST
  Relative segment, address: 0000244A - 00002453 (0xa bytes), align: 1
  Segment part 93.            Intra module refs:   Segment part 258
           ENTRY                   ADDRESS         REF BY
           =====                   =======         ======
           Font8x8_char_91         0000244A 
    -------------------------------------------------------------------------
NEAR_CONST
  Relative segment, address: 00002454 - 0000245D (0xa bytes), align: 1
  Segment part 94.            Intra module refs:   Segment part 258
           ENTRY                   ADDRESS         REF BY
           =====                   =======         ======
           Font8x8_char_92         00002454 
    -------------------------------------------------------------------------
NEAR_CONST
  Relative segment, address: 0000245E - 00002467 (0xa bytes), align: 1
  Segment part 95.            Intra module refs:   Segment part 258
           ENTRY                   ADDRESS         REF BY
           =====                   =======         ======
           Font8x8_char_93         0000245E 
    -------------------------------------------------------------------------
NEAR_CONST
  Relative segment, address: 00002468 - 00002471 (0xa bytes), align: 1
  Segment part 96.            Intra module refs:   Segment part 258
           ENTRY                   ADDRESS         REF BY
           =====                   =======         ======
           Font8x8_char_94         00002468 
    -------------------------------------------------------------------------
NEAR_CONST
  Relative segment, address: 00002472 - 0000247B (0xa bytes), align: 1
  Segment part 97.            Intra module refs:   Segment part 258
           ENTRY                   ADDRESS         REF BY
           =====                   =======         ======
           Font8x8_char_95         00002472 
    -------------------------------------------------------------------------
NEAR_CONST
  Relative segment, address: 0000247C - 00002485 (0xa bytes), align: 1
  Segment part 98.            Intra module refs:   Segment part 258
           ENTRY                   ADDRESS         REF BY
           =====                   =======         ======
           Font8x8_char_96         0000247C 
    -------------------------------------------------------------------------
NEAR_CONST
  Relative segment, address: 00002486 - 0000248F (0xa bytes), align: 1
  Segment part 99.            Intra module refs:   Segment part 258
           ENTRY                   ADDRESS         REF BY
           =====                   =======         ======
           Font8x8_char_97         00002486 
    -------------------------------------------------------------------------
NEAR_CONST
  Relative segment, address: 00002490 - 00002499 (0xa bytes), align: 1
  Segment part 100.           Intra module refs:   Segment part 258
           ENTRY                   ADDRESS         REF BY
           =====                   =======         ======
           Font8x8_char_98         00002490 
    -------------------------------------------------------------------------
NEAR_CONST
  Relative segment, address: 0000249A - 000024A3 (0xa bytes), align: 1
  Segment part 101.           Intra module refs:   Segment part 258
           ENTRY                   ADDRESS         REF BY
           =====                   =======         ======
           Font8x8_char_99         0000249A 
    -------------------------------------------------------------------------
NEAR_CONST
  Relative segment, address: 000024A4 - 000024AD (0xa bytes), align: 1
  Segment part 102.           Intra module refs:   Segment part 258
           ENTRY                   ADDRESS         REF BY
           =====                   =======         ======
           Font8x8_char_100        000024A4 
    -------------------------------------------------------------------------
NEAR_CONST
  Relative segment, address: 000024AE - 000024B7 (0xa bytes), align: 1
  Segment part 103.           Intra module refs:   Segment part 258
           ENTRY                   ADDRESS         REF BY
           =====                   =======         ======
           Font8x8_char_101        000024AE 
    -------------------------------------------------------------------------
NEAR_CONST
  Relative segment, address: 000024B8 - 000024C1 (0xa bytes), align: 1
  Segment part 104.           Intra module refs:   Segment part 258
           ENTRY                   ADDRESS         REF BY
           =====                   =======         ======
           Font8x8_char_102        000024B8 
    -------------------------------------------------------------------------
NEAR_CONST
  Relative segment, address: 000024C2 - 000024CB (0xa bytes), align: 1
  Segment part 105.           Intra module refs:   Segment part 258
           ENTRY                   ADDRESS         REF BY
           =====                   =======         ======
           Font8x8_char_103        000024C2 
    -------------------------------------------------------------------------
NEAR_CONST
  Relative segment, address: 000024CC - 000024D5 (0xa bytes), align: 1
  Segment part 106.           Intra module refs:   Segment part 258
           ENTRY                   ADDRESS         REF BY
           =====                   =======         ======
           Font8x8_char_104        000024CC 
    -------------------------------------------------------------------------
NEAR_CONST
  Relative segment, address: 000024D6 - 000024DF (0xa bytes), align: 1
  Segment part 107.           Intra module refs:   Segment part 258
           ENTRY                   ADDRESS         REF BY
           =====                   =======         ======
           Font8x8_char_105        000024D6 
    -------------------------------------------------------------------------
NEAR_CONST
  Relative segment, address: 000024E0 - 000024E9 (0xa bytes), align: 1
  Segment part 108.           Intra module refs:   Segment part 258
           ENTRY                   ADDRESS         REF BY
           =====                   =======         ======
           Font8x8_char_106        000024E0 
    -------------------------------------------------------------------------
NEAR_CONST
  Relative segment, address: 000024EA - 000024F3 (0xa bytes), align: 1
  Segment part 109.           Intra module refs:   Segment part 258
           ENTRY                   ADDRESS         REF BY
           =====                   =======         ======
           Font8x8_char_107        000024EA 
    -------------------------------------------------------------------------
NEAR_CONST
  Relative segment, address: 000024F4 - 000024FD (0xa bytes), align: 1
  Segment part 110.           Intra module refs:   Segment part 258
           ENTRY                   ADDRESS         REF BY
           =====                   =======         ======
           Font8x8_char_108        000024F4 
    -------------------------------------------------------------------------
NEAR_CONST
  Relative segment, address: 000024FE - 00002507 (0xa bytes), align: 1
  Segment part 111.           Intra module refs:   Segment part 258
           ENTRY                   ADDRESS         REF BY
           =====                   =======         ======
           Font8x8_char_109        000024FE 
    -------------------------------------------------------------------------
NEAR_CONST
  Relative segment, address: 00002508 - 00002511 (0xa bytes), align: 1
  Segment part 112.           Intra module refs:   Segment part 258
           ENTRY                   ADDRESS         REF BY
           =====                   =======         ======
           Font8x8_char_110        00002508 
    -------------------------------------------------------------------------
NEAR_CONST
  Relative segment, address: 00002512 - 0000251B (0xa bytes), align: 1
  Segment part 113.           Intra module refs:   Segment part 258
           ENTRY                   ADDRESS         REF BY
           =====                   =======         ======
           Font8x8_char_111        00002512 
    -------------------------------------------------------------------------
NEAR_CONST
  Relative segment, address: 0000251C - 00002525 (0xa bytes), align: 1
  Segment part 114.           Intra module refs:   Segment part 258
           ENTRY                   ADDRESS         REF BY
           =====                   =======         ======
           Font8x8_char_112        0000251C 
    -------------------------------------------------------------------------
NEAR_CONST
  Relative segment, address: 00002526 - 0000252F (0xa bytes), align: 1
  Segment part 115.           Intra module refs:   Segment part 258
           ENTRY                   ADDRESS         REF BY
           =====                   =======         ======
           Font8x8_char_113        00002526 
    -------------------------------------------------------------------------
NEAR_CONST
  Relative segment, address: 00002530 - 00002539 (0xa bytes), align: 1
  Segment part 116.           Intra module refs:   Segment part 258
           ENTRY                   ADDRESS         REF BY
           =====                   =======         ======
           Font8x8_char_114        00002530 
    -------------------------------------------------------------------------
NEAR_CONST
  Relative segment, address: 0000253A - 00002543 (0xa bytes), align: 1
  Segment part 117.           Intra module refs:   Segment part 258
           ENTRY                   ADDRESS         REF BY
           =====                   =======         ======
           Font8x8_char_115        0000253A 
    -------------------------------------------------------------------------
NEAR_CONST
  Relative segment, address: 00002544 - 0000254D (0xa bytes), align: 1
  Segment part 118.           Intra module refs:   Segment part 258
           ENTRY                   ADDRESS         REF BY
           =====                   =======         ======
           Font8x8_char_116        00002544 
    -------------------------------------------------------------------------
NEAR_CONST
  Relative segment, address: 0000254E - 00002557 (0xa bytes), align: 1
  Segment part 119.           Intra module refs:   Segment part 258
           ENTRY                   ADDRESS         REF BY
           =====                   =======         ======
           Font8x8_char_117        0000254E 
    -------------------------------------------------------------------------
NEAR_CONST
  Relative segment, address: 00002558 - 00002561 (0xa bytes), align: 1
  Segment part 120.           Intra module refs:   Segment part 258
           ENTRY                   ADDRESS         REF BY
           =====                   =======         ======
           Font8x8_char_118        00002558 
    -------------------------------------------------------------------------
NEAR_CONST
  Relative segment, address: 00002562 - 0000256B (0xa bytes), align: 1
  Segment part 121.           Intra module refs:   Segment part 258
           ENTRY                   ADDRESS         REF BY
           =====                   =======         ======
           Font8x8_char_119        00002562 
    -------------------------------------------------------------------------
NEAR_CONST
  Relative segment, address: 0000256C - 00002575 (0xa bytes), align: 1
  Segment part 122.           Intra module refs:   Segment part 258
           ENTRY                   ADDRESS         REF BY
           =====                   =======         ======
           Font8x8_char_120        0000256C 
    -------------------------------------------------------------------------
NEAR_CONST
  Relative segment, address: 00002576 - 0000257F (0xa bytes), align: 1
  Segment part 123.           Intra module refs:   Segment part 258
           ENTRY                   ADDRESS         REF BY
           =====                   =======         ======
           Font8x8_char_121        00002576 
    -------------------------------------------------------------------------
NEAR_CONST
  Relative segment, address: 00002580 - 00002589 (0xa bytes), align: 1
  Segment part 124.           Intra module refs:   Segment part 258
           ENTRY                   ADDRESS         REF BY
           =====                   =======         ======
           Font8x8_char_122        00002580 
    -------------------------------------------------------------------------
NEAR_CONST
  Relative segment, address: 0000258A - 00002593 (0xa bytes), align: 1
  Segment part 125.           Intra module refs:   Segment part 258
           ENTRY                   ADDRESS         REF BY
           =====                   =======         ======
           Font8x8_char_123        0000258A 
    -------------------------------------------------------------------------
NEAR_CONST
  Relative segment, address: 00002594 - 0000259D (0xa bytes), align: 1
  Segment part 126.           Intra module refs:   Segment part 258
           ENTRY                   ADDRESS         REF BY
           =====                   =======         ======
           Font8x8_char_124        00002594 
    -------------------------------------------------------------------------
NEAR_CONST
  Relative segment, address: 0000259E - 000025A7 (0xa bytes), align: 1
  Segment part 127.           Intra module refs:   Segment part 258
           ENTRY                   ADDRESS         REF BY
           =====                   =======         ======
           Font8x8_char_125        0000259E 
    -------------------------------------------------------------------------
NEAR_CONST
  Relative segment, address: 000025A8 - 000025B1 (0xa bytes), align: 1
  Segment part 128.           Intra module refs:   Segment part 258
           ENTRY                   ADDRESS         REF BY
           =====                   =======         ======
[...]
  LIBRARY MODULE, NAME : ?SLONG_CMP_L03

  SEGMENTS IN THE MODULE
  ======================
__aseg
  Relative segment, address: 00000000, align: 0
  Segment part 1. ROOT.
    -------------------------------------------------------------------------
RCODE
  Relative segment, address: 000002EA - 0000031C (0x33 bytes), align: 0
  Segment part 2.
           ENTRY                   ADDRESS         REF BY
           =====                   =======         ======
           ?SL_CMP_L03             000002EA        ST7579_SetVO_Range (lcd)
                                                   _LitobSmall (?xprintfsmall)
                                                   _PrintfSmall (?xprintfsmall)

    -------------------------------------------------------------------------
  LIBRARY MODULE, NAME : ?ULONG_CMP_L03

  SEGMENTS IN THE MODULE
  ======================
__aseg
  Relative segment, address: 00000000, align: 0
  Segment part 1. ROOT.
    -------------------------------------------------------------------------
RCODE
  Relative segment, address: 0000031D - 00000339 (0x1d bytes), align: 0
  Segment part 2.
           ENTRY                   ADDRESS         REF BY
           =====                   =======         ======
           ?UL_CMP_L03             0000031D        LCD_Char (lcd)

    -------------------------------------------------------------------------
  LIBRARY MODULE, NAME : ?LONG_NEG_L03

  SEGMENTS IN THE MODULE
  ======================
__aseg
  Relative segment, address: 00000000, align: 0
  Segment part 1. ROOT.
    -------------------------------------------------------------------------
RCODE
  Relative segment, address: 0000033A - 00000358 (0x1f bytes), align: 0
  Segment part 2.
           ENTRY                   ADDRESS         REF BY
           =====                   =======         ======
           ?L_NEG_L03              0000033A        _LitobSmall (?xprintfsmall)

    -------------------------------------------------------------------------
  LIBRARY MODULE, NAME : ?LONG_LOAD_DIV_MOD_L03

  SEGMENTS IN THE MODULE
  ======================
__aseg
  Relative segment, address: 00000000, align: 0
  Segment part 1. ROOT.
    -------------------------------------------------------------------------
RCODE
  Relative segment, address: 00000359 - 00000368 (0x10 bytes), align: 0
  Segment part 2.
           ENTRY                   ADDRESS         REF BY
           =====                   =======         ======
           ?LONG_LOAD_DIV_MOD_L03
                                   00000359        ?UL_DIV_L03 (?ULONG_DIV_L03)
                                                   ?UL_MOD_L03 (?ULONG_MOD_L03)

    -------------------------------------------------------------------------
  LIBRARY MODULE, NAME : ?LONG_DIV_L03

  SEGMENTS IN THE MODULE
  ======================
__aseg
  Relative segment, address: 00000000, align: 0
  Segment part 1. ROOT.
    -------------------------------------------------------------------------
RCODE
  Relative segment, address: 00000369 - 000003F5 (0x8d bytes), align: 0
  Segment part 2.
           ENTRY                   ADDRESS         REF BY
           =====                   =======         ======
           ?LONG_DIV_L03           00000369        ?UL_DIV_L03 (?ULONG_DIV_L03)

    -------------------------------------------------------------------------
  LIBRARY MODULE, NAME : ?LONG_MOD_L03

  SEGMENTS IN THE MODULE
  ======================
__aseg
  Relative segment, address: 00000000, align: 0
  Segment part 1. ROOT.
    -------------------------------------------------------------------------
RCODE
  Relative segment, address: 000003F6 - 0000047B (0x86 bytes), align: 0
  Segment part 2.
           ENTRY                   ADDRESS         REF BY
           =====                   =======         ======
           ?LONG_MOD_L03           000003F6        ?UL_MOD_L03 (?ULONG_MOD_L03)

    -------------------------------------------------------------------------
  LIBRARY MODULE, NAME : ?FUNCTION_LEAVE_L06

  SEGMENTS IN THE MODULE
  ======================
__aseg
  Relative segment, address: 00000000, align: 0
  Segment part 1. ROOT.
    -------------------------------------------------------------------------
RCODE
  Relative segment, address: 0000047C - 000004A4 (0x29 bytes), align: 0
  Segment part 2.
           ENTRY                   ADDRESS         REF BY
           =====                   =======         ======
           ?0SFUNC_LEAVE_L06       0000047C 
           ?FUNC_LEAVE_L06         0000047C        _PrintfSmall (?xprintfsmall)
    -------------------------------------------------------------------------
RCODE
  Relative segment, address: 000004A5 - 000004B8 (0x14 bytes), align: 0
  Segment part 3.             Intra module refs:   Segment part 2
           ENTRY                   ADDRESS         REF BY
           =====                   =======         ======
           ?0EFUNC_LEAVE_L06       000004B8 
           ?1SFUNC_LEAVE_L06       000004A5 

    -------------------------------------------------------------------------
  LIBRARY MODULE, NAME : ?MOVE_LONG_OBJECT_L06

  SEGMENTS IN THE MODULE
  ======================
__aseg
  Relative segment, address: 00000000, align: 0
  Segment part 1. ROOT.
    -------------------------------------------------------------------------
RCODE
  Relative segment, address: 000004B9 - 000004EB (0x33 bytes), align: 0
  Segment part 2.
           ENTRY                   ADDRESS         REF BY
           =====                   =======         ======
           ?0EMOVE_LONG_L06        000004EB 
           ?0SMOVE_LONG_L06        000004B9 
           ?1SMOVE_LONG_L06        000004C9 
           ?2SMOVE_LONG_L06        000004D9 
           ?3SMOVE_LONG_L06        000004DD 
           ?4SMOVE_LONG_L06        000004E9 
           ?MOVE_LONG_L06          000004B9        Segment part 3 (?FUNCTION_LEAVE_L06)

    -------------------------------------------------------------------------
  LIBRARY MODULE, NAME : ?LONG_FLOAT_DEALLOC_L06

  SEGMENTS IN THE MODULE
  ======================
__aseg
  Relative segment, address: 00000000, align: 0
  Segment part 1. ROOT.
    -------------------------------------------------------------------------
RCODE
  Relative segment, address: 000004EC - 0000051B (0x30 bytes), align: 0
  Segment part 2.
           ENTRY                   ADDRESS         REF BY
           =====                   =======         ======
           ?0EL_F_DEALLOC_L06      0000051B 
           ?0SL_F_DEALLOC_L06      000004EC 
           ?L_F_DEALLOC_L06        000004EC        ?L_MUL_L03 (?LONG_MUL_L03)
                                                   ?UL_DIV_L03 (?ULONG_DIV_L03)
                                                   ?UL_MOD_L03 (?ULONG_MOD_L03)

    -------------------------------------------------------------------------
  LIBRARY MODULE, NAME : ?LONG_FLOAT_DEALLOC_STAT_L06

  SEGMENTS IN THE MODULE
  ======================
__aseg
  Relative segment, address: 00000000, align: 0
  Segment part 1. ROOT.
    -------------------------------------------------------------------------
RCODE
  Relative segment, address: 0000051C - 00000540 (0x25 bytes), align: 0
  Segment part 2.
           ENTRY                   ADDRESS         REF BY
           =====                   =======         ======
           ?0EL_F_DEALLOC_STAT_L06
                                   00000540 
           ?0SL_F_DEALLOC_STAT_L06
                                   0000051C 
           ?L_F_DEALLOC_STAT_L06   0000051C        ?SL_CMP_L03 (?SLONG_CMP_L03)
                                                   ?UL_CMP_L03 (?ULONG_CMP_L03)

    -------------------------------------------------------------------------
  LIBRARY MODULE, NAME : ?WRKSEG_DEFINE_L09

  SEGMENTS IN THE MODULE
  ======================
__aseg
  Relative segment, address: 00000000, align: 0
  Segment part 1. ROOT.

    -------------------------------------------------------------------------
  LIBRARY MODULE, NAME : ?CHAR_SSWITCH_L10

  SEGMENTS IN THE MODULE
  ======================
__aseg
  Relative segment, address: 00000000, align: 0
  Segment part 1. ROOT.
    -------------------------------------------------------------------------
RCODE
  Relative segment, address: 00000541 - 00000557 (0x17 bytes), align: 0
  Segment part 2.
           ENTRY                   ADDRESS         REF BY
           =====                   =======         ======
           ?0EC_SSWITCH_L10        00000556 
           ?0SC_SSWITCH_L10        00000541 
           ?1SC_SSWITCH_L10        0000054F 
           ?C_SSWITCH_L10          00000541        ST7579_SetSystemBiasBooster (lcd)

    -------------------------------------------------------------------------
  PROGRAM MODULE, NAME : m_fcom6

  SEGMENTS IN THE MODULE
  ======================
__aseg
  Relative segment, address: 00000000, align: 0
  Segment part 1. ROOT.

    -------------------------------------------------------------------------
  LIBRARY MODULE, NAME : ?memchr

  SEGMENTS IN THE MODULE
  ======================
CODE
  Relative segment, address: 0000122A - 0000123E (0x15 bytes), align: 0
  Segment part 3.
           ENTRY                   ADDRESS         REF BY
           =====                   =======         ======
           __iar_Memchr            0000122A        _PrintfSmall (?xprintfsmall)

    -------------------------------------------------------------------------
  LIBRARY MODULE, NAME : ?memset

  SEGMENTS IN THE MODULE
  ======================
CODE
  Relative segment, address: 0000123F - 00001253 (0x15 bytes), align: 0
  Segment part 2.
           ENTRY                   ADDRESS         REF BY
           =====                   =======         ======
           memset                  0000123F        startIR (IR)

    -------------------------------------------------------------------------
  LIBRARY MODULE, NAME : ?strchr

  SEGMENTS IN THE MODULE
  ======================
CODE
  Relative segment, address: 00001254 - 00001265 (0x12 bytes), align: 0
  Segment part 3.
           ENTRY                   ADDRESS         REF BY
           =====                   =======         ======
           __iar_Strchr            00001254        _PrintfSmall (?xprintfsmall)

    -------------------------------------------------------------------------
  LIBRARY MODULE, NAME : ?strlen

  SEGMENTS IN THE MODULE
  ======================
CODE
  Relative segment, address: 00001266 - 00001275 (0x10 bytes), align: 0
  Segment part 2.
           ENTRY                   ADDRESS         REF BY
           =====                   =======         ======
           strlen                  00001266        LCDString (lcd)
                                                   _PrintfSmall (?xprintfsmall)
               CSTACK = 00000000 ( 00000002 )

    -------------------------------------------------------------------------
  LIBRARY MODULE, NAME : ?vsprintf

  SEGMENTS IN THE MODULE
  ======================
CODE
  Relative segment, address: 00001276 - 0000129F (0x2a bytes), align: 0
  Segment part 2.
           ENTRY                   ADDRESS         REF BY
           =====                   =======         ======
           vsprintf                00001276        LCDPrintf (lcd)
               calls direct
               CSTACK = 00000000 ( 00000008 )

    -------------------------------------------------------------------------
  LIBRARY MODULE, NAME : ?xprintfsmall

  SEGMENTS IN THE MODULE
  ======================
CODE
  Relative segment, address: 000012A0 - 00001655 (0x3b6 bytes), align: 0
  Segment part 4.
           ENTRY                   ADDRESS         REF BY
           =====                   =======         ======
           _PrintfSmall            000012A0        vsprintf (?vsprintf)
               calls direct
               CSTACK = 00000002 ( 0000003E )
    -------------------------------------------------------------------------
CODE
  Relative segment, address: 00001656 - 0000165B (0x6 bytes), align: 0
  Segment part 5.             Intra module refs:   _PrintfSmall
    -------------------------------------------------------------------------
CODE
  Relative segment, address: 0000165C - 0000166A (0xf bytes), align: 0
  Segment part 6.             Intra module refs:   _PrintfSmall
    -------------------------------------------------------------------------
CODE
  Relative segment, address: 0000166B - 000016AA (0x40 bytes), align: 0
  Segment part 7.             Intra module refs:   _PrintfSmall
           LOCAL                   ADDRESS         
           =====                   =======         
           LoadInt                 0000166B 
               CSTACK = 0000003A ( 00000002 )
    -------------------------------------------------------------------------
CODE
  Relative segment, address: 000016AB - 000016B1 (0x7 bytes), align: 0
  Segment part 8.             Intra module refs:   LoadInt
    -------------------------------------------------------------------------
CODE
  Relative segment, address: 000016B2 - 000016DE (0x2d bytes), align: 0
  Segment part 9.             Intra module refs:   _PrintfSmall
           LOCAL                   ADDRESS         
           =====                   =======         
           pad                     000016B2 
               calls direct
               CSTACK = 0000003A ( 0000000A )
    -------------------------------------------------------------------------
CODE
  Relative segment, address: 000016DF - 00001858 (0x17a bytes), align: 0
  Segment part 10.            Intra module refs:   _PrintfSmall
           LOCAL                   ADDRESS         
           =====                   =======         
           _LitobSmall             000016DF 
               CSTACK = 0000003A ( 00000018 )
    -------------------------------------------------------------------------
CODE
  Relative segment, address: 00001859 - 0000185D (0x5 bytes), align: 0
  Segment part 11.            Intra module refs:   _LitobSmall
                                                   _PrintfSmall
    -------------------------------------------------------------------------
CODE
  Relative segment, address: 0000185E - 0000187D (0x20 bytes), align: 0
  Segment part 12.            Intra module refs:   _PrintfSmall
                                                   _PutcharsSmall
           LOCAL                   ADDRESS         
           =====                   =======         
           _PutcharSmall           0000185E 
               calls indirect
               CSTACK = 0000003A ( 00000002 )
    -------------------------------------------------------------------------
CODE
  Relative segment, address: 0000187E - 000018A0 (0x23 bytes), align: 0
  Segment part 13.            Intra module refs:   _PrintfSmall
                                                   pad
           LOCAL                   ADDRESS         
           =====                   =======         
           _PutcharsSmall          0000187E 
               calls direct
               CSTACK = 0000003A ( 00000004 )
    -------------------------------------------------------------------------
NEAR_ID
  Relative segment, address: 000020B2 - 000020B9 (0x8 bytes), align: 1
  Segment part 2.             Intra module refs:   Segment part 3
    -------------------------------------------------------------------------
NEAR_I
  Relative segment, address: 000FF704 - 000FF70B (0x8 bytes), align: 1
  Segment part 3.             Intra module refs:   _PrintfSmall

    -------------------------------------------------------------------------
  LIBRARY MODULE, NAME : ?xsprout

  SEGMENTS IN THE MODULE
  ======================
CODE
  Relative segment, address: 000018A1 - 000018AC (0xc bytes), align: 0
  Segment part 2.
           ENTRY                   ADDRESS         REF BY
           =====                   =======         ======
           _SProut                 000018A1        vsprintf (?vsprintf)
               CSTACK = 00000000 ( 00000002 )




                ****************************************
                *                                      *
                *      SEGMENTS IN ADDRESS ORDER       *
                *                                      *
                ****************************************


SEGMENT              SPACE    START ADDRESS   END ADDRESS     SIZE  TYPE  ALIGN
=======              =====    =============   ===========     ====  ====  =====
__aseg                                  00000000                     rel    0
INTVEC                             00000000 - 00000043          44   com    1
OPTBYTE                            000000C0 - 000000C3           4   rel    0
SECUID                             000000C4 - 000000CD           A   rel    1
RCODE                              000000D8 - 00000557         480   rel    0
CODE                               00000558 - 000018AC        1355   rel    0
NEAR_ID                            000018AE - 000020BA         80D   rel    1
NEAR_CONST                         000020BC - 0000345F        13A4   rel    1
SWITCH                             00003460 - 00003489          2A   rel    1
NEAR_A                             000F0060 - 000F0060           1   rel    0
                                   000F0071 - 000F0071           1 
                                   000F0077 - 000F0077           1 
                                   000F00F0 - 000F00F0           1 
                                   000F00F3 - 000F00F3           1 
                                   000F0104 - 000F0105           2 
                                   000F010C - 000F010D           2 
                                   000F0114 - 000F0115           2 
                                   000F011C - 000F011D           2 
                                   000F0122 - 000F012B           A 
                                   000F0196 - 000F019B           6 
                                   000F01A6 - 000F01A7           2 
                                   000F01B2 - 000F01BF           E 
NEAR_I                             000FEF00 - 000FF70C         80D   rel    1
NEAR_Z                             000FF70E - 000FF847         13A   rel    1
FAR_Z                                   000FF848                     rel    0
CSTACK                             000FF848 - 000FFC47         400   rel    1
SADDR_A                            000FFF00 - 000FFF01           2   rel    0
                                   000FFF05 - 000FFF05           1 
                                   000FFF0D - 000FFF0D           1 
NEAR_A                             000FFF20 - 000FFF21           2   rel    0
                                   000FFF23 - 000FFF23           1 
                                   000FFF25 - 000FFF25           1 
                                   000FFF44 - 000FFF45           2 
                                   000FFF66 - 000FFF6B           6 
                                   000FFF90 - 000FFF98           9 
                                   000FFF9D - 000FFF9E           2 
                                   000FFFA0 - 000FFFA4           5 
                                   000FFFD0 - 000FFFD1           2 
                                   000FFFD4 - 000FFFD5           2 
                                   000FFFE2 - 000FFFE3           2 
                                   000FFFE6 - 000FFFE7           2 
                                   000FFFEA - 000FFFEB           2 
NEAR_A                             000FFFEE - 000FFFEF           2   rel    0

                ****************************************
                *                                      *
                *        END OF CROSS REFERENCE        *
                *                                      *
                ****************************************

 6 183 bytes of CODE  memory
 3 399 bytes of DATA  memory (+ 89 absolute )
 7 131 bytes of CONST memory

Errors: none
Warnings: none

